Archive member included to satisfy reference by file (symbol)

c:/program files (x86)/gnu tools arm embedded/5.4 2016q2/bin/../lib/gcc/arm-none-eabi/5.4.1/armv7e-m\libgcc.a(_arm_addsubdf3.o)
                              ..\obj\main.o (__aeabi_ui2d)
c:/program files (x86)/gnu tools arm embedded/5.4 2016q2/bin/../lib/gcc/arm-none-eabi/5.4.1/armv7e-m\libgcc.a(_arm_muldivdf3.o)
                              ..\obj\main.o (__aeabi_dmul)
c:/program files (x86)/gnu tools arm embedded/5.4 2016q2/bin/../lib/gcc/arm-none-eabi/5.4.1/armv7e-m\libgcc.a(_arm_fixunsdfsi.o)
                              ..\obj\main.o (__aeabi_d2uiz)
c:/program files (x86)/gnu tools arm embedded/5.4 2016q2/bin/../lib/gcc/arm-none-eabi/5.4.1/../../../../arm-none-eabi/lib/armv7e-m\libg.a(lib_a-memset.o)
                              ..\obj\serviceProtocol.o (memset)

Allocating common symbols
Common symbol       size              file

_delay_magnet_work_6
                    0x4               ..\obj\serviceProtocol.o
storedDataTempCon   0x5               ..\obj\prtlcTempCon.o
sensorNumPoll_7     0x1               ..\obj\serviceProtocol.o
sensorNumPoll_9     0x1               ..\obj\serviceProtocol.o
motor_4             0x30              ..\obj\serviceProtocol.o
sensorNumPoll_10    0x1               ..\obj\serviceProtocol.o
sensorState_10      0x1               ..\obj\serviceProtocol.o
sensorNumPoll_2     0x1               ..\obj\serviceProtocol.o
sensorNumPoll_3     0x1               ..\obj\serviceProtocol.o
buffer_USART_temp_con_Send
                    0x5               ..\obj\prtlcTempCon.o
buffer_USART_temp_con
                    0x5               ..\obj\USART_temp_com.o
sens_step_motor_3   0x1               ..\obj\serviceProtocol.o
sensorState_1       0x1               ..\obj\serviceProtocol.o
sensorNumPoll_4     0x1               ..\obj\serviceProtocol.o
sensorNumPoll_5     0x1               ..\obj\serviceProtocol.o
buffer_Service_COM_port
                    0x80              ..\obj\service_COM_port.o
sensorState_4       0x1               ..\obj\serviceProtocol.o
sens_step_motor_2   0x1               ..\obj\serviceProtocol.o
storedDataMainMotor
                    0x8               ..\obj\protocol_For_Main_Motor.o
sensorState_2       0x1               ..\obj\serviceProtocol.o
_delay_magnet_work_4
                    0x4               ..\obj\serviceProtocol.o
sensorState_6       0x1               ..\obj\serviceProtocol.o
_delay_magnet_work_7
                    0x4               ..\obj\serviceProtocol.o
sensorState_3       0x1               ..\obj\serviceProtocol.o
DMA_ini_USART2      0x3c              ..\obj\USART_For_Main_Motor.o
sensorNumPoll_8     0x1               ..\obj\serviceProtocol.o
_delay_magnet_work_2
                    0x4               ..\obj\serviceProtocol.o
motorParams         0x8               ..\obj\serviceProtocol.o
sensorState_5       0x1               ..\obj\serviceProtocol.o
__TASK              0x1               ..\obj\serviceProtocol.o
buffer_Service_Send
                    0x80              ..\obj\serviceProtocol.o
_delay_magnet_work_8
                    0x4               ..\obj\serviceProtocol.o
__STATE             0x1               ..\obj\serviceProtocol.o
_delay_magnet_work_1
                    0x4               ..\obj\serviceProtocol.o
sens_step_motor_4   0x1               ..\obj\serviceProtocol.o
storedDataService   0x80              ..\obj\serviceProtocol.o
DMA_ini_USART3      0x3c              ..\obj\service_COM_port.o
motors_pin_init     0x8               ..\obj\serviceProtocol.o
sensorState_8       0x1               ..\obj\serviceProtocol.o
_delay_magnet_work_5
                    0x4               ..\obj\serviceProtocol.o
sensorState_7       0x1               ..\obj\serviceProtocol.o
motor_2             0x30              ..\obj\serviceProtocol.o
buffer_Motor_Send   0x8               ..\obj\protocol_For_Main_Motor.o
__ERROR             0x1               ..\obj\serviceProtocol.o
sens_step_motor_1   0x1               ..\obj\serviceProtocol.o
sensorNumPoll_6     0x1               ..\obj\serviceProtocol.o
_delay_magnet_work_3
                    0x4               ..\obj\serviceProtocol.o
sensorState_9       0x1               ..\obj\serviceProtocol.o
motor_3             0x30              ..\obj\serviceProtocol.o
sensorNumPoll_1     0x1               ..\obj\serviceProtocol.o
buffer_For_Main_Motor
                    0x8               ..\obj\USART_For_Main_Motor.o
motor_1             0x30              ..\obj\serviceProtocol.o

Discarded input sections

 .text          0x00000000        0x0 ..\obj\serviceProtocol.o
 .data          0x00000000        0x0 ..\obj\serviceProtocol.o
 .text          0x00000000        0x0 ..\obj\TestFile.o
 .data          0x00000000        0x4 ..\obj\TestFile.o
 .bss           0x00000000        0x8 ..\obj\TestFile.o
 .text.TestFunc_1
                0x00000000      0x17c ..\obj\TestFile.o
 .debug_info    0x00000000      0x214 ..\obj\TestFile.o
 .debug_abbrev  0x00000000       0xbe ..\obj\TestFile.o
 .debug_aranges
                0x00000000       0x20 ..\obj\TestFile.o
 .debug_ranges  0x00000000       0x10 ..\obj\TestFile.o
 .debug_line    0x00000000      0x1d0 ..\obj\TestFile.o
 .debug_str     0x00000000      0x210 ..\obj\TestFile.o
 .comment       0x00000000       0x6f ..\obj\TestFile.o
 .debug_frame   0x00000000       0x2c ..\obj\TestFile.o
 .ARM.attributes
                0x00000000       0x33 ..\obj\TestFile.o
 .text          0x00000000        0x0 ..\obj\stm32f4xx_usart.o
 .data          0x00000000        0x0 ..\obj\stm32f4xx_usart.o
 .bss           0x00000000        0x0 ..\obj\stm32f4xx_usart.o
 .text.USART_DeInit
                0x00000000       0xd4 ..\obj\stm32f4xx_usart.o
 .text.USART_ClockInit
                0x00000000       0x54 ..\obj\stm32f4xx_usart.o
 .text.USART_ClockStructInit
                0x00000000       0x2c ..\obj\stm32f4xx_usart.o
 .text.USART_SetPrescaler
                0x00000000       0x38 ..\obj\stm32f4xx_usart.o
 .text.USART_OverSampling8Cmd
                0x00000000       0x44 ..\obj\stm32f4xx_usart.o
 .text.USART_OneBitMethodCmd
                0x00000000       0x40 ..\obj\stm32f4xx_usart.o
 .text.USART_SendData
                0x00000000       0x24 ..\obj\stm32f4xx_usart.o
 .text.USART_ReceiveData
                0x00000000       0x20 ..\obj\stm32f4xx_usart.o
 .text.USART_SetAddress
                0x00000000       0x38 ..\obj\stm32f4xx_usart.o
 .text.USART_ReceiverWakeUpCmd
                0x00000000       0x40 ..\obj\stm32f4xx_usart.o
 .text.USART_WakeUpConfig
                0x00000000       0x38 ..\obj\stm32f4xx_usart.o
 .text.USART_LINBreakDetectLengthConfig
                0x00000000       0x38 ..\obj\stm32f4xx_usart.o
 .text.USART_LINCmd
                0x00000000       0x40 ..\obj\stm32f4xx_usart.o
 .text.USART_SendBreak
                0x00000000       0x24 ..\obj\stm32f4xx_usart.o
 .text.USART_HalfDuplexCmd
                0x00000000       0x40 ..\obj\stm32f4xx_usart.o
 .text.USART_SetGuardTime
                0x00000000       0x3c ..\obj\stm32f4xx_usart.o
 .text.USART_SmartCardCmd
                0x00000000       0x40 ..\obj\stm32f4xx_usart.o
 .text.USART_SmartCardNACKCmd
                0x00000000       0x40 ..\obj\stm32f4xx_usart.o
 .text.USART_IrDAConfig
                0x00000000       0x38 ..\obj\stm32f4xx_usart.o
 .text.USART_IrDACmd
                0x00000000       0x40 ..\obj\stm32f4xx_usart.o
 .text.USART_GetFlagStatus
                0x00000000       0x38 ..\obj\stm32f4xx_usart.o
 .text.USART_ClearFlag
                0x00000000       0x20 ..\obj\stm32f4xx_usart.o
 .text          0x00000000        0x0 ..\obj\led.o
 .data          0x00000000        0x0 ..\obj\led.o
 .bss           0x00000000        0x0 ..\obj\led.o
 .text          0x00000000        0x0 ..\obj\prtlcTempCon.o
 .data          0x00000000        0x0 ..\obj\prtlcTempCon.o
 .text          0x00000000        0x0 ..\obj\magnet.o
 .data          0x00000000        0x0 ..\obj\magnet.o
 .bss           0x00000000        0x0 ..\obj\magnet.o
 .text          0x00000000        0x0 ..\obj\startup_stm32f4xx.o
 .data          0x00000000        0x0 ..\obj\startup_stm32f4xx.o
 .bss           0x00000000        0x0 ..\obj\startup_stm32f4xx.o
 .text          0x00000000        0x0 ..\obj\stm32f4xx_iwdg.o
 .data          0x00000000        0x0 ..\obj\stm32f4xx_iwdg.o
 .bss           0x00000000        0x0 ..\obj\stm32f4xx_iwdg.o
 .text.IWDG_GetFlagStatus
                0x00000000       0x34 ..\obj\stm32f4xx_iwdg.o
 .text          0x00000000        0x0 ..\obj\service_COM_port.o
 .data          0x00000000        0x0 ..\obj\service_COM_port.o
 .text          0x00000000        0x0 ..\obj\mainCntrPrgm.o
 .text          0x00000000        0x0 ..\obj\main.o
 .text.Soft_Delay
                0x00000000       0x28 ..\obj\main.o
 .text          0x00000000        0x0 ..\obj\stm32f4xx_rcc.o
 .bss           0x00000000        0x0 ..\obj\stm32f4xx_rcc.o
 .text.RCC_DeInit
                0x00000000       0x50 ..\obj\stm32f4xx_rcc.o
 .text.RCC_HSEConfig
                0x00000000       0x24 ..\obj\stm32f4xx_rcc.o
 .text.RCC_WaitForHSEStartUp
                0x00000000       0x50 ..\obj\stm32f4xx_rcc.o
 .text.RCC_AdjustHSICalibrationValue
                0x00000000       0x3c ..\obj\stm32f4xx_rcc.o
 .text.RCC_HSICmd
                0x00000000       0x20 ..\obj\stm32f4xx_rcc.o
 .text.RCC_LSEConfig
                0x00000000       0x40 ..\obj\stm32f4xx_rcc.o
 .text.RCC_PLLConfig
                0x00000000       0x3c ..\obj\stm32f4xx_rcc.o
 .text.RCC_PLLCmd
                0x00000000       0x20 ..\obj\stm32f4xx_rcc.o
 .text.RCC_PLLI2SConfig
                0x00000000       0x28 ..\obj\stm32f4xx_rcc.o
 .text.RCC_PLLI2SCmd
                0x00000000       0x20 ..\obj\stm32f4xx_rcc.o
 .text.RCC_ClockSecuritySystemCmd
                0x00000000       0x20 ..\obj\stm32f4xx_rcc.o
 .text.RCC_MCO1Config
                0x00000000       0x3c ..\obj\stm32f4xx_rcc.o
 .text.RCC_MCO2Config
                0x00000000       0x3c ..\obj\stm32f4xx_rcc.o
 .text.RCC_SYSCLKConfig
                0x00000000       0x38 ..\obj\stm32f4xx_rcc.o
 .text.RCC_GetSYSCLKSource
                0x00000000       0x1c ..\obj\stm32f4xx_rcc.o
 .text.RCC_HCLKConfig
                0x00000000       0x38 ..\obj\stm32f4xx_rcc.o
 .text.RCC_PCLK1Config
                0x00000000       0x38 ..\obj\stm32f4xx_rcc.o
 .text.RCC_PCLK2Config
                0x00000000       0x38 ..\obj\stm32f4xx_rcc.o
 .text.RCC_RTCCLKConfig
                0x00000000       0x5c ..\obj\stm32f4xx_rcc.o
 .text.RCC_RTCCLKCmd
                0x00000000       0x20 ..\obj\stm32f4xx_rcc.o
 .text.RCC_BackupResetCmd
                0x00000000       0x20 ..\obj\stm32f4xx_rcc.o
 .text.RCC_I2SCLKConfig
                0x00000000       0x1c ..\obj\stm32f4xx_rcc.o
 .text.RCC_AHB2PeriphClockCmd
                0x00000000       0x3c ..\obj\stm32f4xx_rcc.o
 .text.RCC_AHB3PeriphClockCmd
                0x00000000       0x3c ..\obj\stm32f4xx_rcc.o
 .text.RCC_APB2PeriphClockCmd
                0x00000000       0x3c ..\obj\stm32f4xx_rcc.o
 .text.RCC_AHB1PeriphResetCmd
                0x00000000       0x3c ..\obj\stm32f4xx_rcc.o
 .text.RCC_AHB2PeriphResetCmd
                0x00000000       0x3c ..\obj\stm32f4xx_rcc.o
 .text.RCC_AHB3PeriphResetCmd
                0x00000000       0x3c ..\obj\stm32f4xx_rcc.o
 .text.RCC_APB1PeriphResetCmd
                0x00000000       0x3c ..\obj\stm32f4xx_rcc.o
 .text.RCC_APB2PeriphResetCmd
                0x00000000       0x3c ..\obj\stm32f4xx_rcc.o
 .text.RCC_AHB1PeriphClockLPModeCmd
                0x00000000       0x3c ..\obj\stm32f4xx_rcc.o
 .text.RCC_AHB2PeriphClockLPModeCmd
                0x00000000       0x3c ..\obj\stm32f4xx_rcc.o
 .text.RCC_AHB3PeriphClockLPModeCmd
                0x00000000       0x3c ..\obj\stm32f4xx_rcc.o
 .text.RCC_APB1PeriphClockLPModeCmd
                0x00000000       0x3c ..\obj\stm32f4xx_rcc.o
 .text.RCC_APB2PeriphClockLPModeCmd
                0x00000000       0x3c ..\obj\stm32f4xx_rcc.o
 .text.RCC_ITConfig
                0x00000000       0x4c ..\obj\stm32f4xx_rcc.o
 .text.RCC_ClearFlag
                0x00000000       0x1c ..\obj\stm32f4xx_rcc.o
 .text.RCC_GetITStatus
                0x00000000       0x34 ..\obj\stm32f4xx_rcc.o
 .text.RCC_ClearITPendingBit
                0x00000000       0x20 ..\obj\stm32f4xx_rcc.o
 .text          0x00000000        0x0 ..\obj\sensor.o
 .data          0x00000000        0x0 ..\obj\sensor.o
 .bss           0x00000000        0x0 ..\obj\sensor.o
 .text          0x00000000        0x0 ..\obj\protocol_For_Main_Motor.o
 .data          0x00000000        0x0 ..\obj\protocol_For_Main_Motor.o
 .text          0x00000000        0x0 ..\obj\stepMotors.o
 .data          0x00000000        0x0 ..\obj\stepMotors.o
 .bss           0x00000000        0x0 ..\obj\stepMotors.o
 .text          0x00000000        0x0 ..\obj\USART_temp_com.o
 .data          0x00000000        0x0 ..\obj\USART_temp_com.o
 .text          0x00000000        0x0 ..\obj\USART_For_Main_Motor.o
 .data          0x00000000        0x0 ..\obj\USART_For_Main_Motor.o
 .text          0x00000000        0x0 ..\obj\stm32f4xx_gpio.o
 .data          0x00000000        0x0 ..\obj\stm32f4xx_gpio.o
 .bss           0x00000000        0x0 ..\obj\stm32f4xx_gpio.o
 .text.GPIO_DeInit
                0x00000000      0x120 ..\obj\stm32f4xx_gpio.o
 .text.GPIO_StructInit
                0x00000000       0x34 ..\obj\stm32f4xx_gpio.o
 .text.GPIO_PinLockConfig
                0x00000000       0x44 ..\obj\stm32f4xx_gpio.o
 .text.GPIO_ReadInputData
                0x00000000       0x18 ..\obj\stm32f4xx_gpio.o
 .text.GPIO_ReadOutputData
                0x00000000       0x18 ..\obj\stm32f4xx_gpio.o
 .text.GPIO_WriteBit
                0x00000000       0x30 ..\obj\stm32f4xx_gpio.o
 .text.GPIO_Write
                0x00000000       0x1c ..\obj\stm32f4xx_gpio.o
 .text.GPIO_ToggleBits
                0x00000000       0x24 ..\obj\stm32f4xx_gpio.o
 .text          0x00000000        0x0 ..\obj\system_stm32f4xx.o
 .bss           0x00000000        0x0 ..\obj\system_stm32f4xx.o
 .text          0x00000000        0x0 ..\obj\stm32f4xx_dma.o
 .data          0x00000000        0x0 ..\obj\stm32f4xx_dma.o
 .bss           0x00000000        0x0 ..\obj\stm32f4xx_dma.o
 .text.DMA_DeInit
                0x00000000      0x1a4 ..\obj\stm32f4xx_dma.o
 .text.DMA_StructInit
                0x00000000       0x6c ..\obj\stm32f4xx_dma.o
 .text.DMA_PeriphIncOffsetSizeConfig
                0x00000000       0x34 ..\obj\stm32f4xx_dma.o
 .text.DMA_FlowControllerConfig
                0x00000000       0x34 ..\obj\stm32f4xx_dma.o
 .text.DMA_SetCurrDataCounter
                0x00000000       0x1c ..\obj\stm32f4xx_dma.o
 .text.DMA_DoubleBufferModeConfig
                0x00000000       0x3c ..\obj\stm32f4xx_dma.o
 .text.DMA_DoubleBufferModeCmd
                0x00000000       0x38 ..\obj\stm32f4xx_dma.o
 .text.DMA_MemoryTargetConfig
                0x00000000       0x2c ..\obj\stm32f4xx_dma.o
 .text.DMA_GetCurrentMemoryTarget
                0x00000000       0x30 ..\obj\stm32f4xx_dma.o
 .text.DMA_GetCmdStatus
                0x00000000       0x30 ..\obj\stm32f4xx_dma.o
 .text.DMA_GetFIFOStatus
                0x00000000       0x24 ..\obj\stm32f4xx_dma.o
 .text.DMA_GetFlagStatus
                0x00000000       0x74 ..\obj\stm32f4xx_dma.o
 .text          0x00000000        0x0 ..\obj\stm32f4xx_i2c.o
 .data          0x00000000        0x0 ..\obj\stm32f4xx_i2c.o
 .bss           0x00000000        0x0 ..\obj\stm32f4xx_i2c.o
 .text.I2C_DeInit
                0x00000000       0x74 ..\obj\stm32f4xx_i2c.o
 .text.I2C_Init
                0x00000000      0x184 ..\obj\stm32f4xx_i2c.o
 .text.I2C_StructInit
                0x00000000       0x3c ..\obj\stm32f4xx_i2c.o
 .text.I2C_Cmd  0x00000000       0x40 ..\obj\stm32f4xx_i2c.o
 .text.I2C_GenerateSTART
                0x00000000       0x40 ..\obj\stm32f4xx_i2c.o
 .text.I2C_GenerateSTOP
                0x00000000       0x40 ..\obj\stm32f4xx_i2c.o
 .text.I2C_Send7bitAddress
                0x00000000       0x3c ..\obj\stm32f4xx_i2c.o
 .text.I2C_AcknowledgeConfig
                0x00000000       0x40 ..\obj\stm32f4xx_i2c.o
 .text.I2C_OwnAddress2Config
                0x00000000       0x44 ..\obj\stm32f4xx_i2c.o
 .text.I2C_DualAddressCmd
                0x00000000       0x40 ..\obj\stm32f4xx_i2c.o
 .text.I2C_GeneralCallCmd
                0x00000000       0x40 ..\obj\stm32f4xx_i2c.o
 .text.I2C_SoftwareResetCmd
                0x00000000       0x44 ..\obj\stm32f4xx_i2c.o
 .text.I2C_StretchClockCmd
                0x00000000       0x40 ..\obj\stm32f4xx_i2c.o
 .text.I2C_FastModeDutyCycleConfig
                0x00000000       0x40 ..\obj\stm32f4xx_i2c.o
 .text.I2C_NACKPositionConfig
                0x00000000       0x40 ..\obj\stm32f4xx_i2c.o
 .text.I2C_SMBusAlertConfig
                0x00000000       0x40 ..\obj\stm32f4xx_i2c.o
 .text.I2C_ARPCmd
                0x00000000       0x40 ..\obj\stm32f4xx_i2c.o
 .text.I2C_SendData
                0x00000000       0x20 ..\obj\stm32f4xx_i2c.o
 .text.I2C_ReceiveData
                0x00000000       0x1c ..\obj\stm32f4xx_i2c.o
 .text.I2C_TransmitPEC
                0x00000000       0x40 ..\obj\stm32f4xx_i2c.o
 .text.I2C_PECPositionConfig
                0x00000000       0x40 ..\obj\stm32f4xx_i2c.o
 .text.I2C_CalculatePEC
                0x00000000       0x40 ..\obj\stm32f4xx_i2c.o
 .text.I2C_GetPEC
                0x00000000       0x20 ..\obj\stm32f4xx_i2c.o
 .text.I2C_DMACmd
                0x00000000       0x40 ..\obj\stm32f4xx_i2c.o
 .text.I2C_DMALastTransferCmd
                0x00000000       0x40 ..\obj\stm32f4xx_i2c.o
 .text.I2C_ReadRegister
                0x00000000       0x2c ..\obj\stm32f4xx_i2c.o
 .text.I2C_ITConfig
                0x00000000       0x48 ..\obj\stm32f4xx_i2c.o
 .text.I2C_CheckEvent
                0x00000000       0x60 ..\obj\stm32f4xx_i2c.o
 .text.I2C_GetLastEvent
                0x00000000       0x44 ..\obj\stm32f4xx_i2c.o
 .text.I2C_GetFlagStatus
                0x00000000       0x64 ..\obj\stm32f4xx_i2c.o
 .text.I2C_ClearFlag
                0x00000000       0x2c ..\obj\stm32f4xx_i2c.o
 .text.I2C_GetITStatus
                0x00000000       0x58 ..\obj\stm32f4xx_i2c.o
 .text.I2C_ClearITPendingBit
                0x00000000       0x2c ..\obj\stm32f4xx_i2c.o
 .debug_info    0x00000000      0xb00 ..\obj\stm32f4xx_i2c.o
 .debug_abbrev  0x00000000      0x166 ..\obj\stm32f4xx_i2c.o
 .debug_aranges
                0x00000000      0x120 ..\obj\stm32f4xx_i2c.o
 .debug_ranges  0x00000000      0x110 ..\obj\stm32f4xx_i2c.o
 .debug_line    0x00000000      0x4f7 ..\obj\stm32f4xx_i2c.o
 .debug_str     0x00000000      0x660 ..\obj\stm32f4xx_i2c.o
 .comment       0x00000000       0x6f ..\obj\stm32f4xx_i2c.o
 .debug_frame   0x00000000      0x530 ..\obj\stm32f4xx_i2c.o
 .ARM.attributes
                0x00000000       0x33 ..\obj\stm32f4xx_i2c.o
 .data          0x00000000        0x0 c:/program files (x86)/gnu tools arm embedded/5.4 2016q2/bin/../lib/gcc/arm-none-eabi/5.4.1/armv7e-m\libgcc.a(_arm_addsubdf3.o)
 .bss           0x00000000        0x0 c:/program files (x86)/gnu tools arm embedded/5.4 2016q2/bin/../lib/gcc/arm-none-eabi/5.4.1/armv7e-m\libgcc.a(_arm_addsubdf3.o)
 .data          0x00000000        0x0 c:/program files (x86)/gnu tools arm embedded/5.4 2016q2/bin/../lib/gcc/arm-none-eabi/5.4.1/armv7e-m\libgcc.a(_arm_muldivdf3.o)
 .bss           0x00000000        0x0 c:/program files (x86)/gnu tools arm embedded/5.4 2016q2/bin/../lib/gcc/arm-none-eabi/5.4.1/armv7e-m\libgcc.a(_arm_muldivdf3.o)
 .data          0x00000000        0x0 c:/program files (x86)/gnu tools arm embedded/5.4 2016q2/bin/../lib/gcc/arm-none-eabi/5.4.1/armv7e-m\libgcc.a(_arm_fixunsdfsi.o)
 .bss           0x00000000        0x0 c:/program files (x86)/gnu tools arm embedded/5.4 2016q2/bin/../lib/gcc/arm-none-eabi/5.4.1/armv7e-m\libgcc.a(_arm_fixunsdfsi.o)
 .text          0x00000000        0x0 c:/program files (x86)/gnu tools arm embedded/5.4 2016q2/bin/../lib/gcc/arm-none-eabi/5.4.1/../../../../arm-none-eabi/lib/armv7e-m\libg.a(lib_a-memset.o)
 .data          0x00000000        0x0 c:/program files (x86)/gnu tools arm embedded/5.4 2016q2/bin/../lib/gcc/arm-none-eabi/5.4.1/../../../../arm-none-eabi/lib/armv7e-m\libg.a(lib_a-memset.o)
 .bss           0x00000000        0x0 c:/program files (x86)/gnu tools arm embedded/5.4 2016q2/bin/../lib/gcc/arm-none-eabi/5.4.1/../../../../arm-none-eabi/lib/armv7e-m\libg.a(lib_a-memset.o)

Memory Configuration

Name             Origin             Length             Attributes
rom              0x08000000         0x00100000         xr
ram              0x20000000         0x00020000         xrw
ram1             0x10000000         0x00010000         xrw
*default*        0x00000000         0xffffffff

Linker script and memory map

                0x20020000                _eram = 0x20020000

.text           0x08000000     0x59b4
 *(.isr_vector)
 .isr_vector    0x08000000      0x188 ..\obj\startup_stm32f4xx.o
                0x08000000                g_pfnVectors
 *(.text*)
 .text.xorService_COM
                0x08000188       0x40 ..\obj\serviceProtocol.o
                0x08000188                xorService_COM
 .text.clearBuffer_Service_Send
                0x080001c8       0x18 ..\obj\serviceProtocol.o
                0x080001c8                clearBuffer_Service_Send
 .text.clearStoredDataService
                0x080001e0       0x18 ..\obj\serviceProtocol.o
                0x080001e0                clearStoredDataService
 .text.saveDataService
                0x080001f8       0x44 ..\obj\serviceProtocol.o
                0x080001f8                saveDataService
 .text.parsingPackageService
                0x0800023c      0x28c ..\obj\serviceProtocol.o
                0x0800023c                parsingPackageService
 .text.buildPackageServiceCOM
                0x080004c8       0x84 ..\obj\serviceProtocol.o
                0x080004c8                buildPackageServiceCOM
 .text.service_cmd_send_status
                0x0800054c       0x34 ..\obj\serviceProtocol.o
                0x0800054c                service_cmd_send_status
 .text.service_cmd_get_temp
                0x08000580       0x40 ..\obj\serviceProtocol.o
                0x08000580                service_cmd_get_temp
 .text.service_cmd_start_step_motor_by_step
                0x080005c0      0x1ec ..\obj\serviceProtocol.o
                0x080005c0                service_cmd_start_step_motor_by_step
 .text.service_cmd_start_step_motor_to_sensor
                0x080007ac       0xd8 ..\obj\serviceProtocol.o
                0x080007ac                service_cmd_start_step_motor_to_sensor
 .text.service_cmd_stop_step_motor
                0x08000884      0x140 ..\obj\serviceProtocol.o
                0x08000884                service_cmd_stop_step_motor
 .text.service_cmd_set_state_magnet
                0x080009c4       0x60 ..\obj\serviceProtocol.o
                0x080009c4                service_cmd_set_state_magnet
 .text.service_cmd_get_magnet_state
                0x08000a24      0x120 ..\obj\serviceProtocol.o
                0x08000a24                service_cmd_get_magnet_state
 .text.service_cmd_get_sensor_state
                0x08000b44      0x118 ..\obj\serviceProtocol.o
                0x08000b44                service_cmd_get_sensor_state
 .text.service_cmd_main_motor_start
                0x08000c5c       0x1c ..\obj\serviceProtocol.o
                0x08000c5c                service_cmd_main_motor_start
 .text.service_cmd_main_motor_stop
                0x08000c78       0x1c ..\obj\serviceProtocol.o
                0x08000c78                service_cmd_main_motor_stop
 .text.service_cmd_main_motor_init
                0x08000c94       0x84 ..\obj\serviceProtocol.o
                0x08000c94                service_cmd_main_motor_init
 .text.main_cmd_start_paking
                0x08000d18       0x68 ..\obj\serviceProtocol.o
                0x08000d18                main_cmd_start_paking
 .text.main_cmd_init
                0x08000d80       0x10 ..\obj\serviceProtocol.o
                0x08000d80                main_cmd_init
 .text.main_cmd_set_param
                0x08000d90       0x1c ..\obj\serviceProtocol.o
                0x08000d90                main_cmd_set_param
 .text.main_cmd_load_pellicle
                0x08000dac       0x10 ..\obj\serviceProtocol.o
                0x08000dac                main_cmd_load_pellicle
 .text.main_cmd_reset
                0x08000dbc        0xc ..\obj\serviceProtocol.o
                0x08000dbc                main_cmd_reset
 .text.USART_Init
                0x08000dc8      0x174 ..\obj\stm32f4xx_usart.o
                0x08000dc8                USART_Init
 .text.USART_StructInit
                0x08000f3c       0x38 ..\obj\stm32f4xx_usart.o
                0x08000f3c                USART_StructInit
 .text.USART_Cmd
                0x08000f74       0x40 ..\obj\stm32f4xx_usart.o
                0x08000f74                USART_Cmd
 .text.USART_DMACmd
                0x08000fb4       0x48 ..\obj\stm32f4xx_usart.o
                0x08000fb4                USART_DMACmd
 .text.USART_ITConfig
                0x08000ffc       0x90 ..\obj\stm32f4xx_usart.o
                0x08000ffc                USART_ITConfig
 .text.USART_GetITStatus
                0x0800108c       0xb4 ..\obj\stm32f4xx_usart.o
                0x0800108c                USART_GetITStatus
 .text.USART_ClearITPendingBit
                0x08001140       0x38 ..\obj\stm32f4xx_usart.o
                0x08001140                USART_ClearITPendingBit
 .text.LED_init
                0x08001178       0x3c ..\obj\led.o
                0x08001178                LED_init
 .text.parsingPackageTempCon
                0x080011b4       0x48 ..\obj\prtlcTempCon.o
                0x080011b4                parsingPackageTempCon
 .text.xorTempCon
                0x080011fc       0x40 ..\obj\prtlcTempCon.o
                0x080011fc                xorTempCon
 .text.saveDataTempCon
                0x0800123c       0x4c ..\obj\prtlcTempCon.o
                0x0800123c                saveDataTempCon
 .text.clearBuffer_TempCon_Send
                0x08001288       0x18 ..\obj\prtlcTempCon.o
                0x08001288                clearBuffer_TempCon_Send
 .text.buildPackageTempCon
                0x080012a0       0x64 ..\obj\prtlcTempCon.o
                0x080012a0                buildPackageTempCon
 .text.cmd_sendTempCon
                0x08001304       0x40 ..\obj\prtlcTempCon.o
                0x08001304                cmd_sendTempCon
 .text.init_Magnet
                0x08001344      0x160 ..\obj\magnet.o
                0x08001344                init_Magnet
 .text.magnet_set_state
                0x080014a4      0x108 ..\obj\magnet.o
                0x080014a4                magnet_set_state
 .text.magnet_delay_work
                0x080015ac      0x150 ..\obj\magnet.o
                0x080015ac                magnet_delay_work
 .text.Default_Reset_Handler
                0x080016fc       0x5c ..\obj\startup_stm32f4xx.o
                0x080016fc                Default_Reset_Handler
                0x080016fc                Reset_Handler
 .text.Default_Handler
                0x08001758        0x8 ..\obj\startup_stm32f4xx.o
                0x08001758                RTC_Alarm_IRQHandler
                0x08001758                HASH_RNG_IRQHandler
                0x08001758                EXTI2_IRQHandler
                0x08001758                TIM8_CC_IRQHandler
                0x08001758                DebugMon_Handler
                0x08001758                TIM1_CC_IRQHandler
                0x08001758                DMA2_Stream5_IRQHandler
                0x08001758                HardFault_Handler
                0x08001758                DMA1_Stream5_IRQHandler
                0x08001758                PVD_IRQHandler
                0x08001758                SDIO_IRQHandler
                0x08001758                TAMP_STAMP_IRQHandler
                0x08001758                PendSV_Handler
                0x08001758                NMI_Handler
                0x08001758                CAN2_RX1_IRQHandler
                0x08001758                EXTI3_IRQHandler
                0x08001758                TIM8_TRG_COM_TIM14_IRQHandler
                0x08001758                TIM1_UP_TIM10_IRQHandler
                0x08001758                TIM8_UP_TIM13_IRQHandler
                0x08001758                I2C3_ER_IRQHandler
                0x08001758                EXTI0_IRQHandler
                0x08001758                I2C2_EV_IRQHandler
                0x08001758                DMA1_Stream2_IRQHandler
                0x08001758                CAN1_RX0_IRQHandler
                0x08001758                FPU_IRQHandler
                0x08001758                OTG_HS_WKUP_IRQHandler
                0x08001758                UsageFault_Handler
                0x08001758                CAN2_SCE_IRQHandler
                0x08001758                DMA2_Stream2_IRQHandler
                0x08001758                SPI1_IRQHandler
                0x08001758                TIM1_BRK_TIM9_IRQHandler
                0x08001758                DCMI_IRQHandler
                0x08001758                CAN2_RX0_IRQHandler
                0x08001758                DMA2_Stream3_IRQHandler
                0x08001758                USART6_IRQHandler
                0x08001758                CRYP_IRQHandler
                0x08001758                CAN1_RX1_IRQHandler
                0x08001758                UART5_IRQHandler
                0x08001758                DMA2_Stream0_IRQHandler
                0x08001758                TIM4_IRQHandler
                0x08001758                I2C1_EV_IRQHandler
                0x08001758                DMA1_Stream1_IRQHandler
                0x08001758                TIM3_IRQHandler
                0x08001758                RCC_IRQHandler
                0x08001758                TIM8_BRK_TIM12_IRQHandler
                0x08001758                EXTI15_10_IRQHandler
                0x08001758                ADC_IRQHandler
                0x08001758                DMA1_Stream7_IRQHandler
                0x08001758                TIM7_IRQHandler
                0x08001758                CAN2_TX_IRQHandler
                0x08001758                TIM5_IRQHandler
                0x08001758                DMA2_Stream7_IRQHandler
                0x08001758                I2C3_EV_IRQHandler
                0x08001758                EXTI9_5_IRQHandler
                0x08001758                RTC_WKUP_IRQHandler
                0x08001758                ETH_WKUP_IRQHandler
                0x08001758                SPI2_IRQHandler
                0x08001758                OTG_HS_EP1_IN_IRQHandler
                0x08001758                MemManage_Handler
                0x08001758                DMA1_Stream0_IRQHandler
                0x08001758                CAN1_TX_IRQHandler
                0x08001758                SVC_Handler
                0x08001758                EXTI4_IRQHandler
                0x08001758                FSMC_IRQHandler
                0x08001758                ETH_IRQHandler
                0x08001758                OTG_HS_EP1_OUT_IRQHandler
                0x08001758                WWDG_IRQHandler
                0x08001758                TIM2_IRQHandler
                0x08001758                OTG_FS_WKUP_IRQHandler
                0x08001758                TIM1_TRG_COM_TIM11_IRQHandler
                0x08001758                OTG_HS_IRQHandler
                0x08001758                EXTI1_IRQHandler
                0x08001758                I2C2_ER_IRQHandler
                0x08001758                DMA2_Stream1_IRQHandler
                0x08001758                CAN1_SCE_IRQHandler
                0x08001758                FLASH_IRQHandler
                0x08001758                DMA2_Stream4_IRQHandler
                0x08001758                BusFault_Handler
                0x08001758                USART1_IRQHandler
                0x08001758                OTG_FS_IRQHandler
                0x08001758                SPI3_IRQHandler
                0x08001758                I2C1_ER_IRQHandler
                0x08001758                DMA2_Stream6_IRQHandler
 .text.IWDG_WriteAccessCmd
                0x08001760       0x20 ..\obj\stm32f4xx_iwdg.o
                0x08001760                IWDG_WriteAccessCmd
 .text.IWDG_SetPrescaler
                0x08001780       0x20 ..\obj\stm32f4xx_iwdg.o
                0x08001780                IWDG_SetPrescaler
 .text.IWDG_SetReload
                0x080017a0       0x20 ..\obj\stm32f4xx_iwdg.o
                0x080017a0                IWDG_SetReload
 .text.IWDG_ReloadCounter
                0x080017c0       0x18 ..\obj\stm32f4xx_iwdg.o
                0x080017c0                IWDG_ReloadCounter
 .text.IWDG_Enable
                0x080017d8       0x18 ..\obj\stm32f4xx_iwdg.o
                0x080017d8                IWDG_Enable
 .text.NVIC_EnableIRQ
                0x080017f0       0x30 ..\obj\service_COM_port.o
 .text.DMA_USART3_init
                0x08001820       0xa8 ..\obj\service_COM_port.o
                0x08001820                DMA_USART3_init
 .text.init_Service_COM_port
                0x080018c8       0xc0 ..\obj\service_COM_port.o
                0x080018c8                init_Service_COM_port
 .text.send_buffer_Service_COM_port
                0x08001988       0x30 ..\obj\service_COM_port.o
                0x08001988                send_buffer_Service_COM_port
 .text.clearBuffer_For_Service_COM_port
                0x080019b8       0x20 ..\obj\service_COM_port.o
                0x080019b8                clearBuffer_For_Service_COM_port
 .text.USART3_IRQHandler
                0x080019d8      0x118 ..\obj\service_COM_port.o
                0x080019d8                USART3_IRQHandler
 .text.DMA1_Stream3_IRQHandler
                0x08001af0       0x84 ..\obj\service_COM_port.o
                0x08001af0                DMA1_Stream3_IRQHandler
 .text.init_System
                0x08001b74      0x188 ..\obj\mainCntrPrgm.o
                0x08001b74                init_System
 .text.main_work_funk
                0x08001cfc      0x5a8 ..\obj\mainCntrPrgm.o
                0x08001cfc                main_work_funk
 .text.NVIC_SetPriority
                0x080022a4       0x54 ..\obj\main.o
 .text.SysTick_Config
                0x080022f8       0x44 ..\obj\main.o
 .text.checkErrors
                0x0800233c      0x270 ..\obj\main.o
                0x0800233c                checkErrors
 .text.SysTick_Handler
                0x080025ac      0x38c ..\obj\main.o
                0x080025ac                SysTick_Handler
 .text.stopWork
                0x08002938       0x84 ..\obj\main.o
                0x08002938                stopWork
 *fill*         0x080029bc        0x4 
 .text.startPacking
                0x080029c0      0x128 ..\obj\main.o
                0x080029c0                startPacking
 .text.startInitSys
                0x08002ae8       0x48 ..\obj\main.o
                0x08002ae8                startInitSys
 .text.loadPellicle
                0x08002b30       0x3c ..\obj\main.o
                0x08002b30                loadPellicle
 .text.init_SystemsParam
                0x08002b6c       0x80 ..\obj\main.o
                0x08002b6c                init_SystemsParam
 .text.init_IWDG
                0x08002bec       0x38 ..\obj\main.o
                0x08002bec                init_IWDG
 .text.main     0x08002c24      0x160 ..\obj\main.o
                0x08002c24                main
 .text.RCC_LSICmd
                0x08002d84       0x20 ..\obj\stm32f4xx_rcc.o
                0x08002d84                RCC_LSICmd
 .text.RCC_GetClocksFreq
                0x08002da4      0x154 ..\obj\stm32f4xx_rcc.o
                0x08002da4                RCC_GetClocksFreq
 .text.RCC_AHB1PeriphClockCmd
                0x08002ef8       0x3c ..\obj\stm32f4xx_rcc.o
                0x08002ef8                RCC_AHB1PeriphClockCmd
 .text.RCC_APB1PeriphClockCmd
                0x08002f34       0x3c ..\obj\stm32f4xx_rcc.o
                0x08002f34                RCC_APB1PeriphClockCmd
 .text.RCC_GetFlagStatus
                0x08002f70       0x74 ..\obj\stm32f4xx_rcc.o
                0x08002f70                RCC_GetFlagStatus
 .text.init_Sensor
                0x08002fe4      0x1b8 ..\obj\sensor.o
                0x08002fe4                init_Sensor
 .text.poll_sens
                0x0800319c      0x4c0 ..\obj\sensor.o
                0x0800319c                poll_sens
 .text.wait_answer
                0x0800365c       0x34 ..\obj\protocol_For_Main_Motor.o
                0x0800365c                wait_answer
 .text.crc      0x08003690       0x70 ..\obj\protocol_For_Main_Motor.o
                0x08003690                crc
 .text.crc_buffer_main_motor
                0x08003700       0x40 ..\obj\protocol_For_Main_Motor.o
                0x08003700                crc_buffer_main_motor
 .text.clearBuffer_Motor_Send
                0x08003740       0x18 ..\obj\protocol_For_Main_Motor.o
                0x08003740                clearBuffer_Motor_Send
 .text.clearStoredDataMainMotor
                0x08003758       0x18 ..\obj\protocol_For_Main_Motor.o
                0x08003758                clearStoredDataMainMotor
 .text.saveDataMainMotor
                0x08003770       0x54 ..\obj\protocol_For_Main_Motor.o
                0x08003770                saveDataMainMotor
 .text.parsingPackageRS232
                0x080037c4       0x68 ..\obj\protocol_For_Main_Motor.o
                0x080037c4                parsingPackageRS232
 .text.buildPackageMainMotor
                0x0800382c       0x90 ..\obj\protocol_For_Main_Motor.o
                0x0800382c                buildPackageMainMotor
 .text.init_Main_motor
                0x080038bc       0xc0 ..\obj\protocol_For_Main_Motor.o
                0x080038bc                init_Main_motor
 .text.Motor_start
                0x0800397c       0x2c ..\obj\protocol_For_Main_Motor.o
                0x0800397c                Motor_start
 .text.Motor_stop
                0x080039a8       0x24 ..\obj\protocol_For_Main_Motor.o
                0x080039a8                Motor_stop
 .text.NVIC_EnableIRQ
                0x080039cc       0x30 ..\obj\stepMotors.o
 .text.init_TIM_motors
                0x080039fc       0x40 ..\obj\stepMotors.o
                0x080039fc                init_TIM_motors
 .text.init_Motors_PIN
                0x08003a3c      0x18c ..\obj\stepMotors.o
                0x08003a3c                init_Motors_PIN
 .text.TIM6_DAC_IRQHandler
                0x08003bc8      0x1cc ..\obj\stepMotors.o
                0x08003bc8                TIM6_DAC_IRQHandler
 .text.calculate_param
                0x08003d94      0x1fc ..\obj\stepMotors.o
                0x08003d94                calculate_param
 .text.start_StepMotor_1
                0x08003f90       0xc8 ..\obj\stepMotors.o
                0x08003f90                start_StepMotor_1
 .text.start_StepMotor_2
                0x08004058       0xc4 ..\obj\stepMotors.o
                0x08004058                start_StepMotor_2
 .text.start_StepMotor_3
                0x0800411c       0xc4 ..\obj\stepMotors.o
                0x0800411c                start_StepMotor_3
 .text.start_StepMotor_4
                0x080041e0       0xc4 ..\obj\stepMotors.o
                0x080041e0                start_StepMotor_4
 .text.stop_motor_1
                0x080042a4       0x2c ..\obj\stepMotors.o
                0x080042a4                stop_motor_1
 .text.stop_motor_2
                0x080042d0       0x28 ..\obj\stepMotors.o
                0x080042d0                stop_motor_2
 .text.stop_motor_3
                0x080042f8       0x28 ..\obj\stepMotors.o
                0x080042f8                stop_motor_3
 .text.stop_motor_4
                0x08004320       0x28 ..\obj\stepMotors.o
                0x08004320                stop_motor_4
 .text.NVIC_EnableIRQ
                0x08004348       0x30 ..\obj\USART_temp_com.o
 .text.DMA_UART4_init
                0x08004378       0x90 ..\obj\USART_temp_com.o
                0x08004378                DMA_UART4_init
 .text.init_USART_temp_con
                0x08004408       0xe4 ..\obj\USART_temp_com.o
                0x08004408                init_USART_temp_con
 .text.send_buffer_USART_temp_con
                0x080044ec       0x20 ..\obj\USART_temp_com.o
                0x080044ec                send_buffer_USART_temp_con
 .text.clearBuffer_USART_temp_con
                0x0800450c       0x20 ..\obj\USART_temp_com.o
                0x0800450c                clearBuffer_USART_temp_con
 .text.UART4_IRQHandler
                0x0800452c      0x120 ..\obj\USART_temp_com.o
                0x0800452c                UART4_IRQHandler
 .text.DMA1_Stream4_IRQHandler
                0x0800464c       0x44 ..\obj\USART_temp_com.o
                0x0800464c                DMA1_Stream4_IRQHandler
 .text.NVIC_EnableIRQ
                0x08004690       0x30 ..\obj\USART_For_Main_Motor.o
 .text.DMA_USART2_init
                0x080046c0       0xa8 ..\obj\USART_For_Main_Motor.o
                0x080046c0                DMA_USART2_init
 .text.init_USART_For_Main_Motor
                0x08004768       0xe0 ..\obj\USART_For_Main_Motor.o
                0x08004768                init_USART_For_Main_Motor
 .text.send_package_For_Main_Motor
                0x08004848       0x28 ..\obj\USART_For_Main_Motor.o
                0x08004848                send_package_For_Main_Motor
 .text.clearBuffer_For_Main_Motor
                0x08004870       0x20 ..\obj\USART_For_Main_Motor.o
                0x08004870                clearBuffer_For_Main_Motor
 .text.USART2_IRQHandler
                0x08004890      0x110 ..\obj\USART_For_Main_Motor.o
                0x08004890                USART2_IRQHandler
 .text.DMA1_Stream6_IRQHandler
                0x080049a0       0x3c ..\obj\USART_For_Main_Motor.o
                0x080049a0                DMA1_Stream6_IRQHandler
 .text.GPIO_Init
                0x080049dc      0x11c ..\obj\stm32f4xx_gpio.o
                0x080049dc                GPIO_Init
 .text.GPIO_ReadInputDataBit
                0x08004af8       0x34 ..\obj\stm32f4xx_gpio.o
                0x08004af8                GPIO_ReadInputDataBit
 .text.GPIO_ReadOutputDataBit
                0x08004b2c       0x34 ..\obj\stm32f4xx_gpio.o
                0x08004b2c                GPIO_ReadOutputDataBit
 .text.GPIO_SetBits
                0x08004b60       0x1c ..\obj\stm32f4xx_gpio.o
                0x08004b60                GPIO_SetBits
 .text.GPIO_ResetBits
                0x08004b7c       0x1c ..\obj\stm32f4xx_gpio.o
                0x08004b7c                GPIO_ResetBits
 .text.GPIO_PinAFConfig
                0x08004b98       0x90 ..\obj\stm32f4xx_gpio.o
                0x08004b98                GPIO_PinAFConfig
 .text.SystemInit
                0x08004c28       0x5c ..\obj\system_stm32f4xx.o
                0x08004c28                SystemInit
 .text.SystemCoreClockUpdate
                0x08004c84       0xf8 ..\obj\system_stm32f4xx.o
                0x08004c84                SystemCoreClockUpdate
 .text.SetSysClock
                0x08004d7c       0xf4 ..\obj\system_stm32f4xx.o
 .text.DMA_Init
                0x08004e70       0xac ..\obj\stm32f4xx_dma.o
                0x08004e70                DMA_Init
 .text.DMA_Cmd  0x08004f1c       0x38 ..\obj\stm32f4xx_dma.o
                0x08004f1c                DMA_Cmd
 .text.DMA_GetCurrDataCounter
                0x08004f54       0x18 ..\obj\stm32f4xx_dma.o
                0x08004f54                DMA_GetCurrDataCounter
 .text.DMA_ClearFlag
                0x08004f6c       0x5c ..\obj\stm32f4xx_dma.o
                0x08004f6c                DMA_ClearFlag
 .text.DMA_ITConfig
                0x08004fc8       0x74 ..\obj\stm32f4xx_dma.o
                0x08004fc8                DMA_ITConfig
 .text.DMA_GetITStatus
                0x0800503c       0xac ..\obj\stm32f4xx_dma.o
                0x0800503c                DMA_GetITStatus
 .text.DMA_ClearITPendingBit
                0x080050e8       0x5c ..\obj\stm32f4xx_dma.o
                0x080050e8                DMA_ClearITPendingBit
 .text          0x08005144      0x370 c:/program files (x86)/gnu tools arm embedded/5.4 2016q2/bin/../lib/gcc/arm-none-eabi/5.4.1/armv7e-m\libgcc.a(_arm_addsubdf3.o)
                0x08005144                __aeabi_drsub
                0x0800514c                __aeabi_dsub
                0x0800514c                __subdf3
                0x08005150                __aeabi_dadd
                0x08005150                __adddf3
                0x080053c8                __floatunsidf
                0x080053c8                __aeabi_ui2d
                0x080053e8                __floatsidf
                0x080053e8                __aeabi_i2d
                0x0800540c                __aeabi_f2d
                0x0800540c                __extendsfdf2
                0x08005448                __floatundidf
                0x08005448                __aeabi_ul2d
                0x08005458                __floatdidf
                0x08005458                __aeabi_l2d
 .text          0x080054b4      0x424 c:/program files (x86)/gnu tools arm embedded/5.4 2016q2/bin/../lib/gcc/arm-none-eabi/5.4.1/armv7e-m\libgcc.a(_arm_muldivdf3.o)
                0x080054b4                __aeabi_dmul
                0x080054b4                __muldf3
                0x08005708                __divdf3
                0x08005708                __aeabi_ddiv
 .text          0x080058d8       0x40 c:/program files (x86)/gnu tools arm embedded/5.4 2016q2/bin/../lib/gcc/arm-none-eabi/5.4.1/armv7e-m\libgcc.a(_arm_fixunsdfsi.o)
                0x080058d8                __aeabi_d2uiz
                0x080058d8                __fixunsdfsi
 .text.memset   0x08005918       0x9c c:/program files (x86)/gnu tools arm embedded/5.4 2016q2/bin/../lib/gcc/arm-none-eabi/5.4.1/../../../../arm-none-eabi/lib/armv7e-m\libg.a(lib_a-memset.o)
                0x08005918                memset
 *(.init)
 *(.fini)
 *crtbegin.o(.ctors)
 *crtbegin?.o(.ctors)
 *(EXCLUDE_FILE(*crtend.o *crtend?.o) .ctors)
 *(SORT(.ctors.*))
 *(.ctors)
 *crtbegin.o(.dtors)
 *crtbegin?.o(.dtors)
 *(EXCLUDE_FILE(*crtend.o *crtend?.o) .dtors)
 *(SORT(.dtors.*))
 *(.dtors)
 *(.rodata*)
 *(.eh_fram e*)

.glue_7         0x080059b4        0x0
 .glue_7        0x080059b4        0x0 linker stubs

.glue_7t        0x080059b4        0x0
 .glue_7t       0x080059b4        0x0 linker stubs

.vfp11_veneer   0x080059b4        0x0
 .vfp11_veneer  0x080059b4        0x0 linker stubs

.v4_bx          0x080059b4        0x0
 .v4_bx         0x080059b4        0x0 linker stubs

.iplt           0x080059b4        0x0
 .iplt          0x080059b4        0x0 ..\obj\serviceProtocol.o

.rel.dyn        0x080059b4        0x0
 .rel.iplt      0x080059b4        0x0 ..\obj\serviceProtocol.o

.ARM.extab
 *(.ARM.extab* .gnu.linkonce.armextab.*)
                0x080059b4                __exidx_start = .

.ARM.exidx
 *(.ARM.exidx* .gnu.linkonce.armexidx.*)
                0x080059b4                __exidx_end = .
                0x080059b4                __etext = .
                0x080059b4                _sidata = __etext

.data           0x20000000       0x34 load address 0x080059b4
                0x20000000                __data_start__ = .
                0x20000000                _sdata = __data_start__
 *(vtable)
 *(.data*)
 .data          0x20000000        0x4 ..\obj\mainCntrPrgm.o
                0x20000000                step_motor_2
 .data          0x20000004        0xc ..\obj\main.o
                0x20000004                __time_for_init_main_motor
                0x20000008                tickErrorSens_6
                0x2000000c                tickInitSensors
 .data          0x20000010       0x10 ..\obj\stm32f4xx_rcc.o
 .data          0x20000020       0x14 ..\obj\system_stm32f4xx.o
                0x20000020                SystemCoreClock
                0x20000024                AHBPrescTable
                0x20000034                . = ALIGN (0x4)
                [!provide]                PROVIDE (__preinit_array_start, .)
 *(.preinit_array)
                [!provide]                PROVIDE (__preinit_array_end, .)
                0x20000034                . = ALIGN (0x4)
                [!provide]                PROVIDE (__init_array_start, .)
 *(SORT(.init_array.*))
 *(.init_array)
                [!provide]                PROVIDE (__init_array_end, .)
                0x20000034                . = ALIGN (0x4)
                [!provide]                PROVIDE (__fini_array_start, .)
 *(SORT(.fini_array.*))
 *(.fini_array)
                [!provide]                PROVIDE (__fini_array_end, .)
 *(.jcr*)
                0x20000034                . = ALIGN (0x4)
                0x20000034                __data_end__ = .
                0x20000034                _edata = __data_end__

.igot.plt       0x20000034        0x0 load address 0x080059e8
 .igot.plt      0x20000034        0x0 ..\obj\serviceProtocol.o

.bss            0x20000038      0x3b8 load address 0x080059f0
                0x20000038                . = ALIGN (0x4)
                0x20000038                __bss_start__ = .
                0x20000038                _sbss = __bss_start__
 *(.bss*)
 .bss           0x20000038        0x1 ..\obj\serviceProtocol.o
                0x20000038                isNewDataAvailableService
 .bss           0x20000039        0x4 ..\obj\prtlcTempCon.o
                0x20000039                isNewDataAvailableTempCon
                0x2000003a                currentTemp_1
                0x2000003b                currentTemp_2
                0x2000003c                currentTemp_3
 .bss           0x2000003d        0x2 ..\obj\service_COM_port.o
                0x2000003d                buffer_index_Service_COM_port
                0x2000003e                leght_buffer_service_COM_port
 *fill*         0x2000003f        0x1 
 .bss           0x20000040       0x12 ..\obj\mainCntrPrgm.o
                0x20000040                ticks
                0x20000044                flag_1
                0x20000048                step_motor_1_first
                0x2000004c                step_motor_1_second
                0x20000050                isBroach
                0x20000051                stateBroach
 *fill*         0x20000052        0x2 
 .bss           0x20000054       0x35 ..\obj\main.o
                0x20000054                __delay
                0x20000058                __delay_clear_motor_buf
                0x2000005c                __delay_clear_USART_temp_con_buf
                0x20000060                __delay_wait_answer_main_motor
                0x20000064                __delay_wait_answer_service_COM
                0x20000068                __delay_wait_answer_USART_temp_con
                0x2000006c                __time_for_init_sys
                0x20000070                __time_for_reset_RXTX_main_motor
                0x20000074                __time_for_packing
                0x20000078                __time_for_load_pellicle
                0x2000007c                __time_for_setTemp
                0x20000080                tickLoadPallicle
                0x20000084                paramTemp_1
                0x20000085                paramTemp_2
                0x20000086                paramTemp_3
                0x20000087                lastSensorMainMotor
                0x20000088                stateBroachLoadPallicle
 *fill*         0x20000089        0x3 
 .bss           0x2000008c        0x8 ..\obj\protocol_For_Main_Motor.o
                0x2000008c                isMainMotorStart
                0x2000008d                isNewDataAvailableMainMotor
                0x2000008e                MainMotorState
                0x2000008f                LastMainMotorState
                0x20000090                numRegWithoutAnswer
 .bss           0x20000094        0x2 ..\obj\USART_temp_com.o
                0x20000094                buffer_index_USART_temp_con
                0x20000095                leght_buffer_USART_temp_con
 .bss           0x20000096        0x1 ..\obj\USART_For_Main_Motor.o
                0x20000096                buffer_index_For_Main_Motor
 *(COMMON)
 *fill*         0x20000097        0x1 
 COMMON         0x20000098      0x230 ..\obj\serviceProtocol.o
                0x20000098                _delay_magnet_work_6
                0x2000009c                sensorNumPoll_7
                0x2000009d                sensorNumPoll_9
                0x200000a0                motor_4
                0x200000d0                sensorNumPoll_10
                0x200000d1                sensorState_10
                0x200000d2                sensorNumPoll_2
                0x200000d3                sensorNumPoll_3
                0x200000d4                sens_step_motor_3
                0x200000d5                sensorState_1
                0x200000d6                sensorNumPoll_4
                0x200000d7                sensorNumPoll_5
                0x200000d8                sensorState_4
                0x200000d9                sens_step_motor_2
                0x200000da                sensorState_2
                0x200000dc                _delay_magnet_work_4
                0x200000e0                sensorState_6
                0x200000e4                _delay_magnet_work_7
                0x200000e8                sensorState_3
                0x200000e9                sensorNumPoll_8
                0x200000ec                _delay_magnet_work_2
                0x200000f0                motorParams
                0x200000f8                sensorState_5
                0x200000f9                __TASK
                0x200000fc                buffer_Service_Send
                0x2000017c                _delay_magnet_work_8
                0x20000180                __STATE
                0x20000184                _delay_magnet_work_1
                0x20000188                sens_step_motor_4
                0x2000018c                storedDataService
                0x2000020c                motors_pin_init
                0x20000214                sensorState_8
                0x20000218                _delay_magnet_work_5
                0x2000021c                sensorState_7
                0x20000220                motor_2
                0x20000250                __ERROR
                0x20000251                sens_step_motor_1
                0x20000252                sensorNumPoll_6
                0x20000254                _delay_magnet_work_3
                0x20000258                sensorState_9
                0x20000260                motor_3
                0x20000290                sensorNumPoll_1
                0x20000298                motor_1
 COMMON         0x200002c8        0xd ..\obj\prtlcTempCon.o
                0x200002c8                storedDataTempCon
                0x200002d0                buffer_USART_temp_con_Send
 *fill*         0x200002d5        0x3 
 COMMON         0x200002d8       0xbc ..\obj\service_COM_port.o
                0x200002d8                buffer_Service_COM_port
                0x20000358                DMA_ini_USART3
 COMMON         0x20000394       0x10 ..\obj\protocol_For_Main_Motor.o
                0x20000394                storedDataMainMotor
                0x2000039c                buffer_Motor_Send
 COMMON         0x200003a4        0x5 ..\obj\USART_temp_com.o
                0x200003a4                buffer_USART_temp_con
 *fill*         0x200003a9        0x3 
 COMMON         0x200003ac       0x44 ..\obj\USART_For_Main_Motor.o
                0x200003ac                DMA_ini_USART2
                0x200003e8                buffer_For_Main_Motor
                0x200003f0                . = ALIGN (0x4)
                0x200003f0                __bss_end__ = .
                0x200003f0                _ebss = __bss_end__

.heap           0x200003f0        0x0
                0x200003f0                __end__ = .
                0x200003f0                _end = __end__
                0x200003f0                end = __end__
 *(.heap*)
                0x200003f0                __HeapLimit = .

.co_stack       0x200003f0      0x800 load address 0x08005da8
                0x200003f0                . = ALIGN (0x8)
 *(.co_stack .co_stack.*)
 .co_stack      0x200003f0      0x800 ..\obj\startup_stm32f4xx.o
                0x200003f0                pulStack
                0x20020000                __StackTop = (ORIGIN (ram) + LENGTH (ram))
                0x2001f800                __StackLimit = (__StackTop - SIZEOF (.co_stack))
                [!provide]                PROVIDE (__stack, __StackTop)
                0x00000001                ASSERT ((__StackLimit >= __HeapLimit), region ram  overflowed with stack)
LOAD ..\obj\serviceProtocol.o
LOAD ..\obj\TestFile.o
LOAD ..\obj\stm32f4xx_usart.o
LOAD ..\obj\led.o
LOAD ..\obj\prtlcTempCon.o
LOAD ..\obj\magnet.o
LOAD ..\obj\startup_stm32f4xx.o
LOAD ..\obj\stm32f4xx_iwdg.o
LOAD ..\obj\service_COM_port.o
LOAD ..\obj\mainCntrPrgm.o
LOAD ..\obj\main.o
LOAD ..\obj\stm32f4xx_rcc.o
LOAD ..\obj\sensor.o
LOAD ..\obj\protocol_For_Main_Motor.o
LOAD ..\obj\stepMotors.o
LOAD ..\obj\USART_temp_com.o
LOAD ..\obj\USART_For_Main_Motor.o
LOAD ..\obj\stm32f4xx_gpio.o
LOAD ..\obj\system_stm32f4xx.o
LOAD ..\obj\stm32f4xx_dma.o
LOAD ..\obj\stm32f4xx_i2c.o
START GROUP
LOAD c:/program files (x86)/gnu tools arm embedded/5.4 2016q2/bin/../lib/gcc/arm-none-eabi/5.4.1/armv7e-m\libgcc.a
LOAD c:/program files (x86)/gnu tools arm embedded/5.4 2016q2/bin/../lib/gcc/arm-none-eabi/5.4.1/../../../../arm-none-eabi/lib/armv7e-m\libg.a
LOAD c:/program files (x86)/gnu tools arm embedded/5.4 2016q2/bin/../lib/gcc/arm-none-eabi/5.4.1/../../../../arm-none-eabi/lib/armv7e-m\libc.a
END GROUP
OUTPUT(packMach.elf elf32-littlearm)

.debug_info     0x00000000     0x8a9c
 .debug_info    0x00000000      0xa7e ..\obj\serviceProtocol.o
 .debug_info    0x00000a7e      0x9ca ..\obj\stm32f4xx_usart.o
 .debug_info    0x00001448      0x30c ..\obj\led.o
 .debug_info    0x00001754      0x2e1 ..\obj\prtlcTempCon.o
 .debug_info    0x00001a35      0x3e1 ..\obj\magnet.o
 .debug_info    0x00001e16       0xf2 ..\obj\startup_stm32f4xx.o
 .debug_info    0x00001f08      0x20e ..\obj\stm32f4xx_iwdg.o
 .debug_info    0x00002116      0xa02 ..\obj\service_COM_port.o
 .debug_info    0x00002b18      0x6f8 ..\obj\mainCntrPrgm.o
 .debug_info    0x00003210      0xf87 ..\obj\main.o
 .debug_info    0x00004197      0xc63 ..\obj\stm32f4xx_rcc.o
 .debug_info    0x00004dfa      0x5b8 ..\obj\sensor.o
 .debug_info    0x000053b2      0x39a ..\obj\protocol_For_Main_Motor.o
 .debug_info    0x0000574c      0xbc9 ..\obj\stepMotors.o
 .debug_info    0x00006315      0x9fe ..\obj\USART_temp_com.o
 .debug_info    0x00006d13      0xa69 ..\obj\USART_For_Main_Motor.o
 .debug_info    0x0000777c      0x61a ..\obj\stm32f4xx_gpio.o
 .debug_info    0x00007d96      0x5c5 ..\obj\system_stm32f4xx.o
 .debug_info    0x0000835b      0x741 ..\obj\stm32f4xx_dma.o

.debug_abbrev   0x00000000     0x1df5
 .debug_abbrev  0x00000000      0x223 ..\obj\serviceProtocol.o
 .debug_abbrev  0x00000223      0x157 ..\obj\stm32f4xx_usart.o
 .debug_abbrev  0x0000037a      0x112 ..\obj\led.o
 .debug_abbrev  0x0000048c      0x14d ..\obj\prtlcTempCon.o
 .debug_abbrev  0x000005d9      0x153 ..\obj\magnet.o
 .debug_abbrev  0x0000072c       0xb0 ..\obj\startup_stm32f4xx.o
 .debug_abbrev  0x000007dc      0x103 ..\obj\stm32f4xx_iwdg.o
 .debug_abbrev  0x000008df      0x1f8 ..\obj\service_COM_port.o
 .debug_abbrev  0x00000ad7      0x139 ..\obj\mainCntrPrgm.o
 .debug_abbrev  0x00000c10      0x2b5 ..\obj\main.o
 .debug_abbrev  0x00000ec5      0x1e5 ..\obj\stm32f4xx_rcc.o
 .debug_abbrev  0x000010aa      0x137 ..\obj\sensor.o
 .debug_abbrev  0x000011e1      0x1ae ..\obj\protocol_For_Main_Motor.o
 .debug_abbrev  0x0000138f      0x216 ..\obj\stepMotors.o
 .debug_abbrev  0x000015a5      0x1f2 ..\obj\USART_temp_com.o
 .debug_abbrev  0x00001797      0x228 ..\obj\USART_For_Main_Motor.o
 .debug_abbrev  0x000019bf      0x1a7 ..\obj\stm32f4xx_gpio.o
 .debug_abbrev  0x00001b66      0x138 ..\obj\system_stm32f4xx.o
 .debug_abbrev  0x00001c9e      0x157 ..\obj\stm32f4xx_dma.o

.debug_aranges  0x00000000      0x858
 .debug_aranges
                0x00000000       0xc8 ..\obj\serviceProtocol.o
 .debug_aranges
                0x000000c8      0x100 ..\obj\stm32f4xx_usart.o
 .debug_aranges
                0x000001c8       0x20 ..\obj\led.o
 .debug_aranges
                0x000001e8       0x48 ..\obj\prtlcTempCon.o
 .debug_aranges
                0x00000230       0x30 ..\obj\magnet.o
 .debug_aranges
                0x00000260       0x28 ..\obj\startup_stm32f4xx.o
 .debug_aranges
                0x00000288       0x48 ..\obj\stm32f4xx_iwdg.o
 .debug_aranges
                0x000002d0       0x50 ..\obj\service_COM_port.o
 .debug_aranges
                0x00000320       0x28 ..\obj\mainCntrPrgm.o
 .debug_aranges
                0x00000348       0x78 ..\obj\main.o
 .debug_aranges
                0x000003c0      0x178 ..\obj\stm32f4xx_rcc.o
 .debug_aranges
                0x00000538       0x28 ..\obj\sensor.o
 .debug_aranges
                0x00000560       0x70 ..\obj\protocol_For_Main_Motor.o
 .debug_aranges
                0x000005d0       0x80 ..\obj\stepMotors.o
 .debug_aranges
                0x00000650       0x50 ..\obj\USART_temp_com.o
 .debug_aranges
                0x000006a0       0x50 ..\obj\USART_For_Main_Motor.o
 .debug_aranges
                0x000006f0       0x88 ..\obj\stm32f4xx_gpio.o
 .debug_aranges
                0x00000778       0x30 ..\obj\system_stm32f4xx.o
 .debug_aranges
                0x000007a8       0xb0 ..\obj\stm32f4xx_dma.o

.debug_ranges   0x00000000      0x728
 .debug_ranges  0x00000000       0xb8 ..\obj\serviceProtocol.o
 .debug_ranges  0x000000b8       0xf0 ..\obj\stm32f4xx_usart.o
 .debug_ranges  0x000001a8       0x10 ..\obj\led.o
 .debug_ranges  0x000001b8       0x38 ..\obj\prtlcTempCon.o
 .debug_ranges  0x000001f0       0x20 ..\obj\magnet.o
 .debug_ranges  0x00000210       0x18 ..\obj\startup_stm32f4xx.o
 .debug_ranges  0x00000228       0x38 ..\obj\stm32f4xx_iwdg.o
 .debug_ranges  0x00000260       0x40 ..\obj\service_COM_port.o
 .debug_ranges  0x000002a0       0x18 ..\obj\mainCntrPrgm.o
 .debug_ranges  0x000002b8       0x68 ..\obj\main.o
 .debug_ranges  0x00000320      0x168 ..\obj\stm32f4xx_rcc.o
 .debug_ranges  0x00000488       0x18 ..\obj\sensor.o
 .debug_ranges  0x000004a0       0x60 ..\obj\protocol_For_Main_Motor.o
 .debug_ranges  0x00000500       0x70 ..\obj\stepMotors.o
 .debug_ranges  0x00000570       0x40 ..\obj\USART_temp_com.o
 .debug_ranges  0x000005b0       0x40 ..\obj\USART_For_Main_Motor.o
 .debug_ranges  0x000005f0       0x78 ..\obj\stm32f4xx_gpio.o
 .debug_ranges  0x00000668       0x20 ..\obj\system_stm32f4xx.o
 .debug_ranges  0x00000688       0xa0 ..\obj\stm32f4xx_dma.o

.debug_line     0x00000000     0x3d3f
 .debug_line    0x00000000      0x50b ..\obj\serviceProtocol.o
 .debug_line    0x0000050b      0x4c5 ..\obj\stm32f4xx_usart.o
 .debug_line    0x000009d0      0x1f2 ..\obj\led.o
 .debug_line    0x00000bc2      0x20a ..\obj\prtlcTempCon.o
 .debug_line    0x00000dcc      0x27e ..\obj\magnet.o
 .debug_line    0x0000104a       0x9c ..\obj\startup_stm32f4xx.o
 .debug_line    0x000010e6      0x214 ..\obj\stm32f4xx_iwdg.o
 .debug_line    0x000012fa      0x2f9 ..\obj\service_COM_port.o
 .debug_line    0x000015f3      0x3a6 ..\obj\mainCntrPrgm.o
 .debug_line    0x00001999      0x4f7 ..\obj\main.o
 .debug_line    0x00001e90      0x5b1 ..\obj\stm32f4xx_rcc.o
 .debug_line    0x00002441      0x2ca ..\obj\sensor.o
 .debug_line    0x0000270b      0x2c5 ..\obj\protocol_For_Main_Motor.o
 .debug_line    0x000029d0      0x3d9 ..\obj\stepMotors.o
 .debug_line    0x00002da9      0x2ed ..\obj\USART_temp_com.o
 .debug_line    0x00003096      0x30f ..\obj\USART_For_Main_Motor.o
 .debug_line    0x000033a5      0x36c ..\obj\stm32f4xx_gpio.o
 .debug_line    0x00003711      0x1f8 ..\obj\system_stm32f4xx.o
 .debug_line    0x00003909      0x436 ..\obj\stm32f4xx_dma.o

.debug_str      0x00000000     0x2b97
 .debug_str     0x00000000      0x837 ..\obj\serviceProtocol.o
                                0x8f8 (size before relaxing)
 .debug_str     0x00000837      0x503 ..\obj\stm32f4xx_usart.o
                                0x68a (size before relaxing)
 .debug_str     0x00000d3a       0x3a ..\obj\led.o
                                0x358 (size before relaxing)
 .debug_str     0x00000d74      0x151 ..\obj\prtlcTempCon.o
                                0x2f4 (size before relaxing)
 .debug_str     0x00000ec5       0x66 ..\obj\magnet.o
                                0x432 (size before relaxing)
 .debug_str     0x00000f2b       0xab ..\obj\startup_stm32f4xx.o
                                0x142 (size before relaxing)
 .debug_str     0x00000fd6       0xe3 ..\obj\stm32f4xx_iwdg.o
                                0x267 (size before relaxing)
 .debug_str     0x000010b9      0x7ca ..\obj\service_COM_port.o
                                0xbeb (size before relaxing)
 .debug_str     0x00001883       0xb5 ..\obj\mainCntrPrgm.o
                                0x6ea (size before relaxing)
 .debug_str     0x00001938      0x2a9 ..\obj\main.o
                                0xfa1 (size before relaxing)
 .debug_str     0x00001be1      0x5d8 ..\obj\stm32f4xx_rcc.o
                                0x84b (size before relaxing)
 .debug_str     0x000021b9       0x4d ..\obj\sensor.o
                                0x5a7 (size before relaxing)
 .debug_str     0x00002206      0x14c ..\obj\protocol_For_Main_Motor.o
                                0x37e (size before relaxing)
 .debug_str     0x00002352      0x18a ..\obj\stepMotors.o
                                0xb4e (size before relaxing)
 .debug_str     0x000024dc       0xfc ..\obj\USART_temp_com.o
                                0xbde (size before relaxing)
 .debug_str     0x000025d8      0x10e ..\obj\USART_For_Main_Motor.o
                                0xc15 (size before relaxing)
 .debug_str     0x000026e6      0x199 ..\obj\stm32f4xx_gpio.o
                                0x49e (size before relaxing)
 .debug_str     0x0000287f       0xaf ..\obj\system_stm32f4xx.o
                                0x3a5 (size before relaxing)
 .debug_str     0x0000292e      0x269 ..\obj\stm32f4xx_dma.o
                                0x53d (size before relaxing)

.comment        0x00000000       0x6e
 .comment       0x00000000       0x6e ..\obj\serviceProtocol.o
                                 0x6f (size before relaxing)
 .comment       0x0000006e       0x6f ..\obj\stm32f4xx_usart.o
 .comment       0x0000006e       0x6f ..\obj\led.o
 .comment       0x0000006e       0x6f ..\obj\prtlcTempCon.o
 .comment       0x0000006e       0x6f ..\obj\magnet.o
 .comment       0x0000006e       0x6f ..\obj\startup_stm32f4xx.o
 .comment       0x0000006e       0x6f ..\obj\stm32f4xx_iwdg.o
 .comment       0x0000006e       0x6f ..\obj\service_COM_port.o
 .comment       0x0000006e       0x6f ..\obj\mainCntrPrgm.o
 .comment       0x0000006e       0x6f ..\obj\main.o
 .comment       0x0000006e       0x6f ..\obj\stm32f4xx_rcc.o
 .comment       0x0000006e       0x6f ..\obj\sensor.o
 .comment       0x0000006e       0x6f ..\obj\protocol_For_Main_Motor.o
 .comment       0x0000006e       0x6f ..\obj\stepMotors.o
 .comment       0x0000006e       0x6f ..\obj\USART_temp_com.o
 .comment       0x0000006e       0x6f ..\obj\USART_For_Main_Motor.o
 .comment       0x0000006e       0x6f ..\obj\stm32f4xx_gpio.o
 .comment       0x0000006e       0x6f ..\obj\system_stm32f4xx.o
 .comment       0x0000006e       0x6f ..\obj\stm32f4xx_dma.o

.ARM.attributes
                0x00000000       0x33
 .ARM.attributes
                0x00000000       0x33 ..\obj\serviceProtocol.o
 .ARM.attributes
                0x00000033       0x33 ..\obj\stm32f4xx_usart.o
 .ARM.attributes
                0x00000066       0x33 ..\obj\led.o
 .ARM.attributes
                0x00000099       0x33 ..\obj\prtlcTempCon.o
 .ARM.attributes
                0x000000cc       0x33 ..\obj\magnet.o
 .ARM.attributes
                0x000000ff       0x33 ..\obj\startup_stm32f4xx.o
 .ARM.attributes
                0x00000132       0x33 ..\obj\stm32f4xx_iwdg.o
 .ARM.attributes
                0x00000165       0x33 ..\obj\service_COM_port.o
 .ARM.attributes
                0x00000198       0x33 ..\obj\mainCntrPrgm.o
 .ARM.attributes
                0x000001cb       0x33 ..\obj\main.o
 .ARM.attributes
                0x000001fe       0x33 ..\obj\stm32f4xx_rcc.o
 .ARM.attributes
                0x00000231       0x33 ..\obj\sensor.o
 .ARM.attributes
                0x00000264       0x33 ..\obj\protocol_For_Main_Motor.o
 .ARM.attributes
                0x00000297       0x33 ..\obj\stepMotors.o
 .ARM.attributes
                0x000002ca       0x33 ..\obj\USART_temp_com.o
 .ARM.attributes
                0x000002fd       0x33 ..\obj\USART_For_Main_Motor.o
 .ARM.attributes
                0x00000330       0x33 ..\obj\stm32f4xx_gpio.o
 .ARM.attributes
                0x00000363       0x33 ..\obj\system_stm32f4xx.o
 .ARM.attributes
                0x00000396       0x33 ..\obj\stm32f4xx_dma.o
 .ARM.attributes
                0x000003c9       0x1e c:/program files (x86)/gnu tools arm embedded/5.4 2016q2/bin/../lib/gcc/arm-none-eabi/5.4.1/armv7e-m\libgcc.a(_arm_addsubdf3.o)
 .ARM.attributes
                0x000003e7       0x1e c:/program files (x86)/gnu tools arm embedded/5.4 2016q2/bin/../lib/gcc/arm-none-eabi/5.4.1/armv7e-m\libgcc.a(_arm_muldivdf3.o)
 .ARM.attributes
                0x00000405       0x1e c:/program files (x86)/gnu tools arm embedded/5.4 2016q2/bin/../lib/gcc/arm-none-eabi/5.4.1/armv7e-m\libgcc.a(_arm_fixunsdfsi.o)
 .ARM.attributes
                0x00000423       0x2e c:/program files (x86)/gnu tools arm embedded/5.4 2016q2/bin/../lib/gcc/arm-none-eabi/5.4.1/../../../../arm-none-eabi/lib/armv7e-m\libg.a(lib_a-memset.o)

.debug_frame    0x00000000     0x1fbc
 .debug_frame   0x00000000      0x308 ..\obj\serviceProtocol.o
 .debug_frame   0x00000308      0x490 ..\obj\stm32f4xx_usart.o
 .debug_frame   0x00000798       0x34 ..\obj\led.o
 .debug_frame   0x000007cc       0xe0 ..\obj\prtlcTempCon.o
 .debug_frame   0x000008ac       0x74 ..\obj\magnet.o
 .debug_frame   0x00000920       0x4c ..\obj\startup_stm32f4xx.o
 .debug_frame   0x0000096c       0xf0 ..\obj\stm32f4xx_iwdg.o
 .debug_frame   0x00000a5c       0xfc ..\obj\service_COM_port.o
 .debug_frame   0x00000b58       0x60 ..\obj\mainCntrPrgm.o
 .debug_frame   0x00000bb8      0x1a4 ..\obj\main.o
 .debug_frame   0x00000d5c      0x6d4 ..\obj\stm32f4xx_rcc.o
 .debug_frame   0x00001430       0x50 ..\obj\sensor.o
 .debug_frame   0x00001480      0x184 ..\obj\protocol_For_Main_Motor.o
 .debug_frame   0x00001604      0x1d0 ..\obj\stepMotors.o
 .debug_frame   0x000017d4       0xfc ..\obj\USART_temp_com.o
 .debug_frame   0x000018d0       0xf8 ..\obj\USART_For_Main_Motor.o
 .debug_frame   0x000019c8      0x23c ..\obj\stm32f4xx_gpio.o
 .debug_frame   0x00001c04       0x7c ..\obj\system_stm32f4xx.o
 .debug_frame   0x00001c80      0x308 ..\obj\stm32f4xx_dma.o
 .debug_frame   0x00001f88       0x34 c:/program files (x86)/gnu tools arm embedded/5.4 2016q2/bin/../lib/gcc/arm-none-eabi/5.4.1/../../../../arm-none-eabi/lib/armv7e-m\libg.a(lib_a-memset.o)
